// Jest Snapshot v1, https://goo.gl/fbAQLP

exports[`404 should snapshot correctly 1`] = `
<div
  className="root"
>
  <div
    className="m-error-404 f-cb"
  >
    <div
      className="m-pic f-fl"
    >
      <MyIcon
        className="icon"
        type="icon-404"
      />
    </div>
    <div
      className="m-tip f-fl"
    >
      <h1>
        404
      </h1>
      <h2>
        您访问的页面不存在
      </h2>
    </div>
  </div>
</div>
`;
