// Jest Snapshot v1, https://goo.gl/fbAQLP

exports[`modal should snapshot correctly 1`] = `
<Fragment>
  <Modal
    confirmLoading={false}
    maskClosable={false}
    maskTransitionName="fade"
    okType="primary"
    transitionName="zoom"
    visible={false}
    width={520}
  />
</Fragment>
`;
